2026-03-14 23:11:44,438 [Worker-2: Loading available Gradle versions] INFO  o.e.b.c.i.u.g.PublishedGradleVersions - Gradle version information cache is up-to-date. Trying to read.
2026-03-14 23:15:44,962 [Worker-13: mavenrun-1eff1e41-8f66-4c06-8b67-aa58962396a5 の起動] INFO  o.eclipse.m2e.core.internal.Bundles - getClasspathEntries(Bundle=org.eclipse.m2e.maven.runtime_3.8.701.20230209-1606 [271])
2026-03-14 23:15:44,969 [Worker-13: mavenrun-1eff1e41-8f66-4c06-8b67-aa58962396a5 の起動] INFO  o.eclipse.m2e.core.internal.Bundles - 	Entry: C:\Users\user\Documents\tec\lang\proc\Java\Eclipse\pleiades-2023-03-java-win-64bit-jre_20230326\eclipse\plugins\org.eclipse.m2e.maven.runtime_3.8.701.20230209-1606
2026-03-14 23:15:44,970 [Worker-13: mavenrun-1eff1e41-8f66-4c06-8b67-aa58962396a5 の起動] INFO  o.eclipse.m2e.core.internal.Bundles - 	Entry: C:\Users\user\Documents\tec\lang\proc\Java\Eclipse\pleiades-2023-03-java-win-64bit-jre_20230326\eclipse\plugins\org.eclipse.m2e.maven.runtime_3.8.701.20230209-1606\jars\aether-connector-okhttp-0.17.8.jar
2026-03-14 23:15:44,971 [Worker-13: mavenrun-1eff1e41-8f66-4c06-8b67-aa58962396a5 の起動] INFO  o.eclipse.m2e.core.internal.Bundles - 	Entry: C:\Users\user\Documents\tec\lang\proc\Java\Eclipse\pleiades-2023-03-java-win-64bit-jre_20230326\eclipse\plugins\org.eclipse.m2e.maven.runtime_3.8.701.20230209-1606\jars\commons-lang3-3.8.1.jar
2026-03-14 23:15:44,971 [Worker-13: mavenrun-1eff1e41-8f66-4c06-8b67-aa58962396a5 の起動] INFO  o.eclipse.m2e.core.internal.Bundles - 	Entry: C:\Users\user\Documents\tec\lang\proc\Java\Eclipse\pleiades-2023-03-java-win-64bit-jre_20230326\eclipse\plugins\org.eclipse.m2e.maven.runtime_3.8.701.20230209-1606\jars\guice-4.2.2-no_aop.jar
2026-03-14 23:15:44,971 [Worker-13: mavenrun-1eff1e41-8f66-4c06-8b67-aa58962396a5 の起動] INFO  o.eclipse.m2e.core.internal.Bundles - 	Entry: C:\Users\user\Documents\tec\lang\proc\Java\Eclipse\pleiades-2023-03-java-win-64bit-jre_20230326\eclipse\plugins\org.eclipse.m2e.maven.runtime_3.8.701.20230209-1606\jars\jansi-2.4.0.jar
2026-03-14 23:15:44,971 [Worker-13: mavenrun-1eff1e41-8f66-4c06-8b67-aa58962396a5 の起動] INFO  o.eclipse.m2e.core.internal.Bundles - 	Entry: C:\Users\user\Documents\tec\lang\proc\Java\Eclipse\pleiades-2023-03-java-win-64bit-jre_20230326\eclipse\plugins\org.eclipse.m2e.maven.runtime_3.8.701.20230209-1606\jars\maven-artifact-3.8.7.jar
2026-03-14 23:15:44,972 [Worker-13: mavenrun-1eff1e41-8f66-4c06-8b67-aa58962396a5 の起動] INFO  o.eclipse.m2e.core.internal.Bundles - 	Entry: C:\Users\user\Documents\tec\lang\proc\Java\Eclipse\pleiades-2023-03-java-win-64bit-jre_20230326\eclipse\plugins\org.eclipse.m2e.maven.runtime_3.8.701.20230209-1606\jars\maven-builder-support-3.8.7.jar
2026-03-14 23:15:44,972 [Worker-13: mavenrun-1eff1e41-8f66-4c06-8b67-aa58962396a5 の起動] INFO  o.eclipse.m2e.core.internal.Bundles - 	Entry: C:\Users\user\Documents\tec\lang\proc\Java\Eclipse\pleiades-2023-03-java-win-64bit-jre_20230326\eclipse\plugins\org.eclipse.m2e.maven.runtime_3.8.701.20230209-1606\jars\maven-compat-3.8.7.jar
2026-03-14 23:15:44,972 [Worker-13: mavenrun-1eff1e41-8f66-4c06-8b67-aa58962396a5 の起動] INFO  o.eclipse.m2e.core.internal.Bundles - 	Entry: C:\Users\user\Documents\tec\lang\proc\Java\Eclipse\pleiades-2023-03-java-win-64bit-jre_20230326\eclipse\plugins\org.eclipse.m2e.maven.runtime_3.8.701.20230209-1606\jars\maven-core-3.8.7.jar
2026-03-14 23:15:44,972 [Worker-13: mavenrun-1eff1e41-8f66-4c06-8b67-aa58962396a5 の起動] INFO  o.eclipse.m2e.core.internal.Bundles - 	Entry: C:\Users\user\Documents\tec\lang\proc\Java\Eclipse\pleiades-2023-03-java-win-64bit-jre_20230326\eclipse\plugins\org.eclipse.m2e.maven.runtime_3.8.701.20230209-1606\jars\maven-embedder-3.8.7.jar
2026-03-14 23:15:44,972 [Worker-13: mavenrun-1eff1e41-8f66-4c06-8b67-aa58962396a5 の起動] INFO  o.eclipse.m2e.core.internal.Bundles - 	Entry: C:\Users\user\Documents\tec\lang\proc\Java\Eclipse\pleiades-2023-03-java-win-64bit-jre_20230326\eclipse\plugins\org.eclipse.m2e.maven.runtime_3.8.701.20230209-1606\jars\maven-model-3.8.7.jar
2026-03-14 23:15:44,972 [Worker-13: mavenrun-1eff1e41-8f66-4c06-8b67-aa58962396a5 の起動] INFO  o.eclipse.m2e.core.internal.Bundles - 	Entry: C:\Users\user\Documents\tec\lang\proc\Java\Eclipse\pleiades-2023-03-java-win-64bit-jre_20230326\eclipse\plugins\org.eclipse.m2e.maven.runtime_3.8.701.20230209-1606\jars\maven-model-builder-3.8.7.jar
2026-03-14 23:15:44,973 [Worker-13: mavenrun-1eff1e41-8f66-4c06-8b67-aa58962396a5 の起動] INFO  o.eclipse.m2e.core.internal.Bundles - 	Entry: C:\Users\user\Documents\tec\lang\proc\Java\Eclipse\pleiades-2023-03-java-win-64bit-jre_20230326\eclipse\plugins\org.eclipse.m2e.maven.runtime_3.8.701.20230209-1606\jars\maven-plugin-api-3.8.7.jar
2026-03-14 23:15:44,973 [Worker-13: mavenrun-1eff1e41-8f66-4c06-8b67-aa58962396a5 の起動] INFO  o.eclipse.m2e.core.internal.Bundles - 	Entry: C:\Users\user\Documents\tec\lang\proc\Java\Eclipse\pleiades-2023-03-java-win-64bit-jre_20230326\eclipse\plugins\org.eclipse.m2e.maven.runtime_3.8.701.20230209-1606\jars\maven-repository-metadata-3.8.7.jar
2026-03-14 23:15:44,973 [Worker-13: mavenrun-1eff1e41-8f66-4c06-8b67-aa58962396a5 の起動] INFO  o.eclipse.m2e.core.internal.Bundles - 	Entry: C:\Users\user\Documents\tec\lang\proc\Java\Eclipse\pleiades-2023-03-java-win-64bit-jre_20230326\eclipse\plugins\org.eclipse.m2e.maven.runtime_3.8.701.20230209-1606\jars\maven-resolver-api-1.6.3.jar
2026-03-14 23:15:44,973 [Worker-13: mavenrun-1eff1e41-8f66-4c06-8b67-aa58962396a5 の起動] INFO  o.eclipse.m2e.core.internal.Bundles - 	Entry: C:\Users\user\Documents\tec\lang\proc\Java\Eclipse\pleiades-2023-03-java-win-64bit-jre_20230326\eclipse\plugins\org.eclipse.m2e.maven.runtime_3.8.701.20230209-1606\jars\maven-resolver-connector-basic-1.6.3.jar
2026-03-14 23:15:44,973 [Worker-13: mavenrun-1eff1e41-8f66-4c06-8b67-aa58962396a5 の起動] INFO  o.eclipse.m2e.core.internal.Bundles - 	Entry: C:\Users\user\Documents\tec\lang\proc\Java\Eclipse\pleiades-2023-03-java-win-64bit-jre_20230326\eclipse\plugins\org.eclipse.m2e.maven.runtime_3.8.701.20230209-1606\jars\maven-resolver-impl-1.6.3.jar
2026-03-14 23:15:44,974 [Worker-13: mavenrun-1eff1e41-8f66-4c06-8b67-aa58962396a5 の起動] INFO  o.eclipse.m2e.core.internal.Bundles - 	Entry: C:\Users\user\Documents\tec\lang\proc\Java\Eclipse\pleiades-2023-03-java-win-64bit-jre_20230326\eclipse\plugins\org.eclipse.m2e.maven.runtime_3.8.701.20230209-1606\jars\maven-resolver-provider-3.8.7.jar
2026-03-14 23:15:44,974 [Worker-13: mavenrun-1eff1e41-8f66-4c06-8b67-aa58962396a5 の起動] INFO  o.eclipse.m2e.core.internal.Bundles - 	Entry: C:\Users\user\Documents\tec\lang\proc\Java\Eclipse\pleiades-2023-03-java-win-64bit-jre_20230326\eclipse\plugins\org.eclipse.m2e.maven.runtime_3.8.701.20230209-1606\jars\maven-resolver-spi-1.6.3.jar
2026-03-14 23:15:44,974 [Worker-13: mavenrun-1eff1e41-8f66-4c06-8b67-aa58962396a5 の起動] INFO  o.eclipse.m2e.core.internal.Bundles - 	Entry: C:\Users\user\Documents\tec\lang\proc\Java\Eclipse\pleiades-2023-03-java-win-64bit-jre_20230326\eclipse\plugins\org.eclipse.m2e.maven.runtime_3.8.701.20230209-1606\jars\maven-resolver-transport-wagon-1.6.3.jar
2026-03-14 23:15:44,974 [Worker-13: mavenrun-1eff1e41-8f66-4c06-8b67-aa58962396a5 の起動] INFO  o.eclipse.m2e.core.internal.Bundles - 	Entry: C:\Users\user\Documents\tec\lang\proc\Java\Eclipse\pleiades-2023-03-java-win-64bit-jre_20230326\eclipse\plugins\org.eclipse.m2e.maven.runtime_3.8.701.20230209-1606\jars\maven-resolver-util-1.6.3.jar
2026-03-14 23:15:44,974 [Worker-13: mavenrun-1eff1e41-8f66-4c06-8b67-aa58962396a5 の起動] INFO  o.eclipse.m2e.core.internal.Bundles - 	Entry: C:\Users\user\Documents\tec\lang\proc\Java\Eclipse\pleiades-2023-03-java-win-64bit-jre_20230326\eclipse\plugins\org.eclipse.m2e.maven.runtime_3.8.701.20230209-1606\jars\maven-settings-3.8.7.jar
2026-03-14 23:15:44,974 [Worker-13: mavenrun-1eff1e41-8f66-4c06-8b67-aa58962396a5 の起動] INFO  o.eclipse.m2e.core.internal.Bundles - 	Entry: C:\Users\user\Documents\tec\lang\proc\Java\Eclipse\pleiades-2023-03-java-win-64bit-jre_20230326\eclipse\plugins\org.eclipse.m2e.maven.runtime_3.8.701.20230209-1606\jars\maven-settings-builder-3.8.7.jar
2026-03-14 23:15:44,975 [Worker-13: mavenrun-1eff1e41-8f66-4c06-8b67-aa58962396a5 の起動] INFO  o.eclipse.m2e.core.internal.Bundles - 	Entry: C:\Users\user\Documents\tec\lang\proc\Java\Eclipse\pleiades-2023-03-java-win-64bit-jre_20230326\eclipse\plugins\org.eclipse.m2e.maven.runtime_3.8.701.20230209-1606\jars\maven-shared-utils-3.3.4.jar
2026-03-14 23:15:44,975 [Worker-13: mavenrun-1eff1e41-8f66-4c06-8b67-aa58962396a5 の起動] INFO  o.eclipse.m2e.core.internal.Bundles - 	Entry: C:\Users\user\Documents\tec\lang\proc\Java\Eclipse\pleiades-2023-03-java-win-64bit-jre_20230326\eclipse\plugins\org.eclipse.m2e.maven.runtime_3.8.701.20230209-1606\jars\okhttp-3.14.1.jar
2026-03-14 23:15:44,975 [Worker-13: mavenrun-1eff1e41-8f66-4c06-8b67-aa58962396a5 の起動] INFO  o.eclipse.m2e.core.internal.Bundles - 	Entry: C:\Users\user\Documents\tec\lang\proc\Java\Eclipse\pleiades-2023-03-java-win-64bit-jre_20230326\eclipse\plugins\org.eclipse.m2e.maven.runtime_3.8.701.20230209-1606\jars\okio-1.17.3.jar
2026-03-14 23:15:44,975 [Worker-13: mavenrun-1eff1e41-8f66-4c06-8b67-aa58962396a5 の起動] INFO  o.eclipse.m2e.core.internal.Bundles - 	Entry: C:\Users\user\Documents\tec\lang\proc\Java\Eclipse\pleiades-2023-03-java-win-64bit-jre_20230326\eclipse\plugins\org.eclipse.m2e.maven.runtime_3.8.701.20230209-1606\jars\org.eclipse.sisu.inject-0.3.5.jar
2026-03-14 23:15:44,975 [Worker-13: mavenrun-1eff1e41-8f66-4c06-8b67-aa58962396a5 の起動] INFO  o.eclipse.m2e.core.internal.Bundles - 	Entry: C:\Users\user\Documents\tec\lang\proc\Java\Eclipse\pleiades-2023-03-java-win-64bit-jre_20230326\eclipse\plugins\org.eclipse.m2e.maven.runtime_3.8.701.20230209-1606\jars\org.eclipse.sisu.plexus-0.3.5.jar
2026-03-14 23:15:44,976 [Worker-13: mavenrun-1eff1e41-8f66-4c06-8b67-aa58962396a5 の起動] INFO  o.eclipse.m2e.core.internal.Bundles - 	Entry: C:\Users\user\Documents\tec\lang\proc\Java\Eclipse\pleiades-2023-03-java-win-64bit-jre_20230326\eclipse\plugins\org.eclipse.m2e.maven.runtime_3.8.701.20230209-1606\jars\plexus-build-api-0.0.7.jar
2026-03-14 23:15:44,976 [Worker-13: mavenrun-1eff1e41-8f66-4c06-8b67-aa58962396a5 の起動] INFO  o.eclipse.m2e.core.internal.Bundles - 	Entry: C:\Users\user\Documents\tec\lang\proc\Java\Eclipse\pleiades-2023-03-java-win-64bit-jre_20230326\eclipse\plugins\org.eclipse.m2e.maven.runtime_3.8.701.20230209-1606\jars\plexus-cipher-2.0.jar
2026-03-14 23:15:44,976 [Worker-13: mavenrun-1eff1e41-8f66-4c06-8b67-aa58962396a5 の起動] INFO  o.eclipse.m2e.core.internal.Bundles - 	Entry: C:\Users\user\Documents\tec\lang\proc\Java\Eclipse\pleiades-2023-03-java-win-64bit-jre_20230326\eclipse\plugins\org.eclipse.m2e.maven.runtime_3.8.701.20230209-1606\jars\plexus-classworlds-2.6.0.jar
2026-03-14 23:15:44,976 [Worker-13: mavenrun-1eff1e41-8f66-4c06-8b67-aa58962396a5 の起動] INFO  o.eclipse.m2e.core.internal.Bundles - 	Entry: C:\Users\user\Documents\tec\lang\proc\Java\Eclipse\pleiades-2023-03-java-win-64bit-jre_20230326\eclipse\plugins\org.eclipse.m2e.maven.runtime_3.8.701.20230209-1606\jars\plexus-component-annotations-2.1.0.jar
2026-03-14 23:15:44,976 [Worker-13: mavenrun-1eff1e41-8f66-4c06-8b67-aa58962396a5 の起動] INFO  o.eclipse.m2e.core.internal.Bundles - 	Entry: C:\Users\user\Documents\tec\lang\proc\Java\Eclipse\pleiades-2023-03-java-win-64bit-jre_20230326\eclipse\plugins\org.eclipse.m2e.maven.runtime_3.8.701.20230209-1606\jars\plexus-interpolation-1.26.jar
2026-03-14 23:15:44,977 [Worker-13: mavenrun-1eff1e41-8f66-4c06-8b67-aa58962396a5 の起動] INFO  o.eclipse.m2e.core.internal.Bundles - 	Entry: C:\Users\user\Documents\tec\lang\proc\Java\Eclipse\pleiades-2023-03-java-win-64bit-jre_20230326\eclipse\plugins\org.eclipse.m2e.maven.runtime_3.8.701.20230209-1606\jars\plexus-sec-dispatcher-2.0.jar
2026-03-14 23:15:44,977 [Worker-13: mavenrun-1eff1e41-8f66-4c06-8b67-aa58962396a5 の起動] INFO  o.eclipse.m2e.core.internal.Bundles - 	Entry: C:\Users\user\Documents\tec\lang\proc\Java\Eclipse\pleiades-2023-03-java-win-64bit-jre_20230326\eclipse\plugins\org.eclipse.m2e.maven.runtime_3.8.701.20230209-1606\jars\plexus-utils-3.3.1.jar
2026-03-14 23:15:44,977 [Worker-13: mavenrun-1eff1e41-8f66-4c06-8b67-aa58962396a5 の起動] INFO  o.eclipse.m2e.core.internal.Bundles - 	Entry: C:\Users\user\Documents\tec\lang\proc\Java\Eclipse\pleiades-2023-03-java-win-64bit-jre_20230326\eclipse\plugins\org.eclipse.m2e.maven.runtime_3.8.701.20230209-1606\jars\wagon-file-3.5.3.jar
2026-03-14 23:15:44,977 [Worker-13: mavenrun-1eff1e41-8f66-4c06-8b67-aa58962396a5 の起動] INFO  o.eclipse.m2e.core.internal.Bundles - 	Entry: C:\Users\user\Documents\tec\lang\proc\Java\Eclipse\pleiades-2023-03-java-win-64bit-jre_20230326\eclipse\plugins\org.eclipse.m2e.maven.runtime_3.8.701.20230209-1606\jars\wagon-provider-api-3.5.3.jar
2026-03-14 23:15:44,979 [Worker-13: mavenrun-1eff1e41-8f66-4c06-8b67-aa58962396a5 の起動] INFO  o.eclipse.m2e.core.internal.Bundles - getClasspathEntries(Bundle=com.google.guava_31.1.0.jre [9])
2026-03-14 23:15:44,980 [Worker-13: mavenrun-1eff1e41-8f66-4c06-8b67-aa58962396a5 の起動] INFO  o.eclipse.m2e.core.internal.Bundles - 	Entry: C:\Users\user\Documents\tec\lang\proc\Java\Eclipse\pleiades-2023-03-java-win-64bit-jre_20230326\eclipse\plugins\com.google.guava_31.1.0.jre.jar
2026-03-14 23:15:44,980 [Worker-13: mavenrun-1eff1e41-8f66-4c06-8b67-aa58962396a5 の起動] INFO  o.eclipse.m2e.core.internal.Bundles - getClasspathEntries(Bundle=slf4j.api_1.7.36 [404])
2026-03-14 23:15:44,981 [Worker-13: mavenrun-1eff1e41-8f66-4c06-8b67-aa58962396a5 の起動] INFO  o.eclipse.m2e.core.internal.Bundles - 	Entry: C:\Users\user\Documents\tec\lang\proc\Java\Eclipse\pleiades-2023-03-java-win-64bit-jre_20230326\eclipse\plugins\slf4j.api_1.7.36.jar
2026-03-14 23:15:44,982 [Worker-13: mavenrun-1eff1e41-8f66-4c06-8b67-aa58962396a5 の起動] INFO  o.eclipse.m2e.core.internal.Bundles - getClasspathEntries(Bundle=javax.inject_1.0.0.v20220405-0441 [21])
2026-03-14 23:15:44,984 [Worker-13: mavenrun-1eff1e41-8f66-4c06-8b67-aa58962396a5 の起動] INFO  o.eclipse.m2e.core.internal.Bundles - 	Entry: C:\Users\user\Documents\tec\lang\proc\Java\Eclipse\pleiades-2023-03-java-win-64bit-jre_20230326\eclipse\plugins\javax.inject_1.0.0.v20220405-0441.jar
2026-03-14 23:15:44,984 [Worker-13: mavenrun-1eff1e41-8f66-4c06-8b67-aa58962396a5 の起動] INFO  o.eclipse.m2e.core.internal.Bundles - getClasspathEntries(Bundle=javax.annotation_1.3.5.v20221203-1659 [19])
2026-03-14 23:15:44,985 [Worker-13: mavenrun-1eff1e41-8f66-4c06-8b67-aa58962396a5 の起動] INFO  o.eclipse.m2e.core.internal.Bundles - 	Entry: C:\Users\user\Documents\tec\lang\proc\Java\Eclipse\pleiades-2023-03-java-win-64bit-jre_20230326\eclipse\plugins\javax.annotation_1.3.5.v20221203-1659.jar
2026-03-14 23:15:44,985 [Worker-13: mavenrun-1eff1e41-8f66-4c06-8b67-aa58962396a5 の起動] INFO  o.eclipse.m2e.core.internal.Bundles - getClasspathEntries(Bundle=org.apache.commons.cli_1.4.0.v20221112-0806 [41])
2026-03-14 23:15:44,987 [Worker-13: mavenrun-1eff1e41-8f66-4c06-8b67-aa58962396a5 の起動] INFO  o.eclipse.m2e.core.internal.Bundles - 	Entry: C:\Users\user\Documents\tec\lang\proc\Java\Eclipse\pleiades-2023-03-java-win-64bit-jre_20230326\eclipse\plugins\org.apache.commons.cli_1.4.0.v20221112-0806.jar
2026-03-14 23:15:44,987 [Worker-13: mavenrun-1eff1e41-8f66-4c06-8b67-aa58962396a5 の起動] INFO  o.eclipse.m2e.core.internal.Bundles - getClasspathEntries(Bundle=com.google.guava.failureaccess_1.0.1 [11])
2026-03-14 23:15:44,988 [Worker-13: mavenrun-1eff1e41-8f66-4c06-8b67-aa58962396a5 の起動] INFO  o.eclipse.m2e.core.internal.Bundles - 	Entry: C:\Users\user\Documents\tec\lang\proc\Java\Eclipse\pleiades-2023-03-java-win-64bit-jre_20230326\eclipse\plugins\com.google.guava.failureaccess_1.0.1.jar
2026-03-14 23:15:44,994 [Worker-13: mavenrun-1eff1e41-8f66-4c06-8b67-aa58962396a5 の起動] INFO  o.e.m.i.launch.MavenLaunchDelegate - Run build in "C:\Users\user\AppData\Local\Temp\m2e-archetypeGenerator9567966623776381677":
2026-03-14 23:15:45,002 [Worker-13: mavenrun-1eff1e41-8f66-4c06-8b67-aa58962396a5 の起動] INFO  o.e.m.i.launch.MavenLaunchDelegate -  mvn  -DarchetypeGroupId=org.terasoluna.batch -DarchetypeArtifactId=terasoluna-batch-archetype -DarchetypeVersion=5.7.0.RELEASE -DgroupId=com.example.batch -DartifactId=my-batch-job -Dversion=0.0.1-SNAPSHOT -Dpackage=com.example.batch.my_batch_job -DoutputDirectory=C:\work\git\Zengin8InformationTSG\work_20260314_2300_510 -Dstyle.color=always -U archetype:generate
2026-03-14 23:16:03,509 [Worker-12: terasoluna-batch-archetype を作成中] INFO  o.e.m.c.i.p.ProjectConfigurationManager - Collecting project info '/pom.xml' C:\work\git\Zengin8InformationTSG\work_20260314_2300_510\my-batch-job\pom.xml
2026-03-14 23:16:04,153 [Worker-12: terasoluna-batch-archetype を作成中] INFO  o.e.m.c.i.l.LifecycleMappingFactory - Using org.eclipse.m2e.jdt.JarLifecycleMapping lifecycle mapping for MavenProject: com.example.batch:my-batch-job:0.0.1-SNAPSHOT @ C:\work\git\Zengin8InformationTSG\work_20260314_2300_510\my-batch-job\pom.xml.
2026-03-14 23:16:04,897 [Worker-12: terasoluna-batch-archetype を作成中] INFO  o.e.m.j.i.AbstractJavaProjectConfigurator - Adding source folder /my-batch-job/src/main/java
2026-03-14 23:16:04,898 [Worker-12: terasoluna-batch-archetype を作成中] INFO  o.e.m.j.i.AbstractJavaProjectConfigurator - Adding resource folder /my-batch-job/src/main/resources
2026-03-14 23:16:04,906 [Worker-12: terasoluna-batch-archetype を作成中] INFO  o.e.m.j.i.AbstractJavaProjectConfigurator - Adding source folder /my-batch-job/src/test/java
2026-03-14 23:16:04,906 [Worker-12: terasoluna-batch-archetype を作成中] INFO  o.e.m.j.i.AbstractJavaProjectConfigurator - Adding resource folder /my-batch-job/src/test/resources
2026-03-14 23:16:05,382 [Worker-12: terasoluna-batch-archetype を作成中] INFO  o.e.m.c.i.p.ProjectConfigurationManager - Imported and configured 1 project(s) in 1 sec
2026-03-14 23:16:06,907 [Worker-14: ビルド] INFO  o.e.m.c.i.embedder.EclipseLogger - Using 'UTF-8' encoding to copy filtered resources.
2026-03-14 23:16:06,912 [Worker-14: ビルド] INFO  o.e.m.c.i.embedder.EclipseLogger - Copying 6 resources
2026-03-14 23:16:06,943 [Worker-14: ビルド] INFO  o.e.m.c.i.embedder.EclipseLogger - Using 'UTF-8' encoding to copy filtered resources.
2026-03-14 23:16:06,943 [Worker-14: ビルド] INFO  o.e.m.c.i.embedder.EclipseLogger - Copying 1 resource
2026-03-14 23:26:43,371 [Worker-5: Loading available Gradle versions] INFO  o.e.b.c.i.u.g.PublishedGradleVersions - Gradle version information cache is up-to-date. Trying to read.
2026-03-15 09:58:11,692 [Worker-79: 新規構成 の起動] INFO  o.eclipse.m2e.core.internal.Bundles - getClasspathEntries(Bundle=org.eclipse.m2e.maven.runtime_3.8.701.20230209-1606 [271])
2026-03-15 09:58:12,142 [Worker-79: 新規構成 の起動] INFO  o.eclipse.m2e.core.internal.Bundles - 	Entry: C:\Users\user\Documents\tec\lang\proc\Java\Eclipse\pleiades-2023-03-java-win-64bit-jre_20230326\eclipse\plugins\org.eclipse.m2e.maven.runtime_3.8.701.20230209-1606
2026-03-15 09:58:12,143 [Worker-79: 新規構成 の起動] INFO  o.eclipse.m2e.core.internal.Bundles - 	Entry: C:\Users\user\Documents\tec\lang\proc\Java\Eclipse\pleiades-2023-03-java-win-64bit-jre_20230326\eclipse\plugins\org.eclipse.m2e.maven.runtime_3.8.701.20230209-1606\jars\aether-connector-okhttp-0.17.8.jar
2026-03-15 09:58:12,143 [Worker-79: 新規構成 の起動] INFO  o.eclipse.m2e.core.internal.Bundles - 	Entry: C:\Users\user\Documents\tec\lang\proc\Java\Eclipse\pleiades-2023-03-java-win-64bit-jre_20230326\eclipse\plugins\org.eclipse.m2e.maven.runtime_3.8.701.20230209-1606\jars\commons-lang3-3.8.1.jar
2026-03-15 09:58:12,143 [Worker-79: 新規構成 の起動] INFO  o.eclipse.m2e.core.internal.Bundles - 	Entry: C:\Users\user\Documents\tec\lang\proc\Java\Eclipse\pleiades-2023-03-java-win-64bit-jre_20230326\eclipse\plugins\org.eclipse.m2e.maven.runtime_3.8.701.20230209-1606\jars\guice-4.2.2-no_aop.jar
2026-03-15 09:58:12,144 [Worker-79: 新規構成 の起動] INFO  o.eclipse.m2e.core.internal.Bundles - 	Entry: C:\Users\user\Documents\tec\lang\proc\Java\Eclipse\pleiades-2023-03-java-win-64bit-jre_20230326\eclipse\plugins\org.eclipse.m2e.maven.runtime_3.8.701.20230209-1606\jars\jansi-2.4.0.jar
2026-03-15 09:58:12,144 [Worker-79: 新規構成 の起動] INFO  o.eclipse.m2e.core.internal.Bundles - 	Entry: C:\Users\user\Documents\tec\lang\proc\Java\Eclipse\pleiades-2023-03-java-win-64bit-jre_20230326\eclipse\plugins\org.eclipse.m2e.maven.runtime_3.8.701.20230209-1606\jars\maven-artifact-3.8.7.jar
2026-03-15 09:58:12,145 [Worker-79: 新規構成 の起動] INFO  o.eclipse.m2e.core.internal.Bundles - 	Entry: C:\Users\user\Documents\tec\lang\proc\Java\Eclipse\pleiades-2023-03-java-win-64bit-jre_20230326\eclipse\plugins\org.eclipse.m2e.maven.runtime_3.8.701.20230209-1606\jars\maven-builder-support-3.8.7.jar
2026-03-15 09:58:12,146 [Worker-79: 新規構成 の起動] INFO  o.eclipse.m2e.core.internal.Bundles - 	Entry: C:\Users\user\Documents\tec\lang\proc\Java\Eclipse\pleiades-2023-03-java-win-64bit-jre_20230326\eclipse\plugins\org.eclipse.m2e.maven.runtime_3.8.701.20230209-1606\jars\maven-compat-3.8.7.jar
2026-03-15 09:58:12,146 [Worker-79: 新規構成 の起動] INFO  o.eclipse.m2e.core.internal.Bundles - 	Entry: C:\Users\user\Documents\tec\lang\proc\Java\Eclipse\pleiades-2023-03-java-win-64bit-jre_20230326\eclipse\plugins\org.eclipse.m2e.maven.runtime_3.8.701.20230209-1606\jars\maven-core-3.8.7.jar
2026-03-15 09:58:12,146 [Worker-79: 新規構成 の起動] INFO  o.eclipse.m2e.core.internal.Bundles - 	Entry: C:\Users\user\Documents\tec\lang\proc\Java\Eclipse\pleiades-2023-03-java-win-64bit-jre_20230326\eclipse\plugins\org.eclipse.m2e.maven.runtime_3.8.701.20230209-1606\jars\maven-embedder-3.8.7.jar
2026-03-15 09:58:12,147 [Worker-79: 新規構成 の起動] INFO  o.eclipse.m2e.core.internal.Bundles - 	Entry: C:\Users\user\Documents\tec\lang\proc\Java\Eclipse\pleiades-2023-03-java-win-64bit-jre_20230326\eclipse\plugins\org.eclipse.m2e.maven.runtime_3.8.701.20230209-1606\jars\maven-model-3.8.7.jar
2026-03-15 09:58:12,148 [Worker-79: 新規構成 の起動] INFO  o.eclipse.m2e.core.internal.Bundles - 	Entry: C:\Users\user\Documents\tec\lang\proc\Java\Eclipse\pleiades-2023-03-java-win-64bit-jre_20230326\eclipse\plugins\org.eclipse.m2e.maven.runtime_3.8.701.20230209-1606\jars\maven-model-builder-3.8.7.jar
2026-03-15 09:58:12,148 [Worker-79: 新規構成 の起動] INFO  o.eclipse.m2e.core.internal.Bundles - 	Entry: C:\Users\user\Documents\tec\lang\proc\Java\Eclipse\pleiades-2023-03-java-win-64bit-jre_20230326\eclipse\plugins\org.eclipse.m2e.maven.runtime_3.8.701.20230209-1606\jars\maven-plugin-api-3.8.7.jar
2026-03-15 09:58:12,148 [Worker-79: 新規構成 の起動] INFO  o.eclipse.m2e.core.internal.Bundles - 	Entry: C:\Users\user\Documents\tec\lang\proc\Java\Eclipse\pleiades-2023-03-java-win-64bit-jre_20230326\eclipse\plugins\org.eclipse.m2e.maven.runtime_3.8.701.20230209-1606\jars\maven-repository-metadata-3.8.7.jar
2026-03-15 09:58:12,148 [Worker-79: 新規構成 の起動] INFO  o.eclipse.m2e.core.internal.Bundles - 	Entry: C:\Users\user\Documents\tec\lang\proc\Java\Eclipse\pleiades-2023-03-java-win-64bit-jre_20230326\eclipse\plugins\org.eclipse.m2e.maven.runtime_3.8.701.20230209-1606\jars\maven-resolver-api-1.6.3.jar
2026-03-15 09:58:12,149 [Worker-79: 新規構成 の起動] INFO  o.eclipse.m2e.core.internal.Bundles - 	Entry: C:\Users\user\Documents\tec\lang\proc\Java\Eclipse\pleiades-2023-03-java-win-64bit-jre_20230326\eclipse\plugins\org.eclipse.m2e.maven.runtime_3.8.701.20230209-1606\jars\maven-resolver-connector-basic-1.6.3.jar
2026-03-15 09:58:12,149 [Worker-79: 新規構成 の起動] INFO  o.eclipse.m2e.core.internal.Bundles - 	Entry: C:\Users\user\Documents\tec\lang\proc\Java\Eclipse\pleiades-2023-03-java-win-64bit-jre_20230326\eclipse\plugins\org.eclipse.m2e.maven.runtime_3.8.701.20230209-1606\jars\maven-resolver-impl-1.6.3.jar
2026-03-15 09:58:12,149 [Worker-79: 新規構成 の起動] INFO  o.eclipse.m2e.core.internal.Bundles - 	Entry: C:\Users\user\Documents\tec\lang\proc\Java\Eclipse\pleiades-2023-03-java-win-64bit-jre_20230326\eclipse\plugins\org.eclipse.m2e.maven.runtime_3.8.701.20230209-1606\jars\maven-resolver-provider-3.8.7.jar
2026-03-15 09:58:12,149 [Worker-79: 新規構成 の起動] INFO  o.eclipse.m2e.core.internal.Bundles - 	Entry: C:\Users\user\Documents\tec\lang\proc\Java\Eclipse\pleiades-2023-03-java-win-64bit-jre_20230326\eclipse\plugins\org.eclipse.m2e.maven.runtime_3.8.701.20230209-1606\jars\maven-resolver-spi-1.6.3.jar
2026-03-15 09:58:12,150 [Worker-79: 新規構成 の起動] INFO  o.eclipse.m2e.core.internal.Bundles - 	Entry: C:\Users\user\Documents\tec\lang\proc\Java\Eclipse\pleiades-2023-03-java-win-64bit-jre_20230326\eclipse\plugins\org.eclipse.m2e.maven.runtime_3.8.701.20230209-1606\jars\maven-resolver-transport-wagon-1.6.3.jar
2026-03-15 09:58:12,150 [Worker-79: 新規構成 の起動] INFO  o.eclipse.m2e.core.internal.Bundles - 	Entry: C:\Users\user\Documents\tec\lang\proc\Java\Eclipse\pleiades-2023-03-java-win-64bit-jre_20230326\eclipse\plugins\org.eclipse.m2e.maven.runtime_3.8.701.20230209-1606\jars\maven-resolver-util-1.6.3.jar
2026-03-15 09:58:12,150 [Worker-79: 新規構成 の起動] INFO  o.eclipse.m2e.core.internal.Bundles - 	Entry: C:\Users\user\Documents\tec\lang\proc\Java\Eclipse\pleiades-2023-03-java-win-64bit-jre_20230326\eclipse\plugins\org.eclipse.m2e.maven.runtime_3.8.701.20230209-1606\jars\maven-settings-3.8.7.jar
2026-03-15 09:58:12,150 [Worker-79: 新規構成 の起動] INFO  o.eclipse.m2e.core.internal.Bundles - 	Entry: C:\Users\user\Documents\tec\lang\proc\Java\Eclipse\pleiades-2023-03-java-win-64bit-jre_20230326\eclipse\plugins\org.eclipse.m2e.maven.runtime_3.8.701.20230209-1606\jars\maven-settings-builder-3.8.7.jar
2026-03-15 09:58:12,150 [Worker-79: 新規構成 の起動] INFO  o.eclipse.m2e.core.internal.Bundles - 	Entry: C:\Users\user\Documents\tec\lang\proc\Java\Eclipse\pleiades-2023-03-java-win-64bit-jre_20230326\eclipse\plugins\org.eclipse.m2e.maven.runtime_3.8.701.20230209-1606\jars\maven-shared-utils-3.3.4.jar
2026-03-15 09:58:12,151 [Worker-79: 新規構成 の起動] INFO  o.eclipse.m2e.core.internal.Bundles - 	Entry: C:\Users\user\Documents\tec\lang\proc\Java\Eclipse\pleiades-2023-03-java-win-64bit-jre_20230326\eclipse\plugins\org.eclipse.m2e.maven.runtime_3.8.701.20230209-1606\jars\okhttp-3.14.1.jar
2026-03-15 09:58:12,151 [Worker-79: 新規構成 の起動] INFO  o.eclipse.m2e.core.internal.Bundles - 	Entry: C:\Users\user\Documents\tec\lang\proc\Java\Eclipse\pleiades-2023-03-java-win-64bit-jre_20230326\eclipse\plugins\org.eclipse.m2e.maven.runtime_3.8.701.20230209-1606\jars\okio-1.17.3.jar
2026-03-15 09:58:12,151 [Worker-79: 新規構成 の起動] INFO  o.eclipse.m2e.core.internal.Bundles - 	Entry: C:\Users\user\Documents\tec\lang\proc\Java\Eclipse\pleiades-2023-03-java-win-64bit-jre_20230326\eclipse\plugins\org.eclipse.m2e.maven.runtime_3.8.701.20230209-1606\jars\org.eclipse.sisu.inject-0.3.5.jar
2026-03-15 09:58:12,151 [Worker-79: 新規構成 の起動] INFO  o.eclipse.m2e.core.internal.Bundles - 	Entry: C:\Users\user\Documents\tec\lang\proc\Java\Eclipse\pleiades-2023-03-java-win-64bit-jre_20230326\eclipse\plugins\org.eclipse.m2e.maven.runtime_3.8.701.20230209-1606\jars\org.eclipse.sisu.plexus-0.3.5.jar
2026-03-15 09:58:12,152 [Worker-79: 新規構成 の起動] INFO  o.eclipse.m2e.core.internal.Bundles - 	Entry: C:\Users\user\Documents\tec\lang\proc\Java\Eclipse\pleiades-2023-03-java-win-64bit-jre_20230326\eclipse\plugins\org.eclipse.m2e.maven.runtime_3.8.701.20230209-1606\jars\plexus-build-api-0.0.7.jar
2026-03-15 09:58:12,152 [Worker-79: 新規構成 の起動] INFO  o.eclipse.m2e.core.internal.Bundles - 	Entry: C:\Users\user\Documents\tec\lang\proc\Java\Eclipse\pleiades-2023-03-java-win-64bit-jre_20230326\eclipse\plugins\org.eclipse.m2e.maven.runtime_3.8.701.20230209-1606\jars\plexus-cipher-2.0.jar
2026-03-15 09:58:12,152 [Worker-79: 新規構成 の起動] INFO  o.eclipse.m2e.core.internal.Bundles - 	Entry: C:\Users\user\Documents\tec\lang\proc\Java\Eclipse\pleiades-2023-03-java-win-64bit-jre_20230326\eclipse\plugins\org.eclipse.m2e.maven.runtime_3.8.701.20230209-1606\jars\plexus-classworlds-2.6.0.jar
2026-03-15 09:58:12,153 [Worker-79: 新規構成 の起動] INFO  o.eclipse.m2e.core.internal.Bundles - 	Entry: C:\Users\user\Documents\tec\lang\proc\Java\Eclipse\pleiades-2023-03-java-win-64bit-jre_20230326\eclipse\plugins\org.eclipse.m2e.maven.runtime_3.8.701.20230209-1606\jars\plexus-component-annotations-2.1.0.jar
2026-03-15 09:58:12,153 [Worker-79: 新規構成 の起動] INFO  o.eclipse.m2e.core.internal.Bundles - 	Entry: C:\Users\user\Documents\tec\lang\proc\Java\Eclipse\pleiades-2023-03-java-win-64bit-jre_20230326\eclipse\plugins\org.eclipse.m2e.maven.runtime_3.8.701.20230209-1606\jars\plexus-interpolation-1.26.jar
2026-03-15 09:58:12,153 [Worker-79: 新規構成 の起動] INFO  o.eclipse.m2e.core.internal.Bundles - 	Entry: C:\Users\user\Documents\tec\lang\proc\Java\Eclipse\pleiades-2023-03-java-win-64bit-jre_20230326\eclipse\plugins\org.eclipse.m2e.maven.runtime_3.8.701.20230209-1606\jars\plexus-sec-dispatcher-2.0.jar
2026-03-15 09:58:12,153 [Worker-79: 新規構成 の起動] INFO  o.eclipse.m2e.core.internal.Bundles - 	Entry: C:\Users\user\Documents\tec\lang\proc\Java\Eclipse\pleiades-2023-03-java-win-64bit-jre_20230326\eclipse\plugins\org.eclipse.m2e.maven.runtime_3.8.701.20230209-1606\jars\plexus-utils-3.3.1.jar
2026-03-15 09:58:12,154 [Worker-79: 新規構成 の起動] INFO  o.eclipse.m2e.core.internal.Bundles - 	Entry: C:\Users\user\Documents\tec\lang\proc\Java\Eclipse\pleiades-2023-03-java-win-64bit-jre_20230326\eclipse\plugins\org.eclipse.m2e.maven.runtime_3.8.701.20230209-1606\jars\wagon-file-3.5.3.jar
2026-03-15 09:58:12,155 [Worker-79: 新規構成 の起動] INFO  o.eclipse.m2e.core.internal.Bundles - 	Entry: C:\Users\user\Documents\tec\lang\proc\Java\Eclipse\pleiades-2023-03-java-win-64bit-jre_20230326\eclipse\plugins\org.eclipse.m2e.maven.runtime_3.8.701.20230209-1606\jars\wagon-provider-api-3.5.3.jar
2026-03-15 09:58:12,158 [Worker-79: 新規構成 の起動] INFO  o.eclipse.m2e.core.internal.Bundles - getClasspathEntries(Bundle=com.google.guava_31.1.0.jre [9])
2026-03-15 09:58:12,159 [Worker-79: 新規構成 の起動] INFO  o.eclipse.m2e.core.internal.Bundles - 	Entry: C:\Users\user\Documents\tec\lang\proc\Java\Eclipse\pleiades-2023-03-java-win-64bit-jre_20230326\eclipse\plugins\com.google.guava_31.1.0.jre.jar
2026-03-15 09:58:12,159 [Worker-79: 新規構成 の起動] INFO  o.eclipse.m2e.core.internal.Bundles - getClasspathEntries(Bundle=slf4j.api_1.7.36 [404])
2026-03-15 09:58:12,160 [Worker-79: 新規構成 の起動] INFO  o.eclipse.m2e.core.internal.Bundles - 	Entry: C:\Users\user\Documents\tec\lang\proc\Java\Eclipse\pleiades-2023-03-java-win-64bit-jre_20230326\eclipse\plugins\slf4j.api_1.7.36.jar
2026-03-15 09:58:12,160 [Worker-79: 新規構成 の起動] INFO  o.eclipse.m2e.core.internal.Bundles - getClasspathEntries(Bundle=javax.inject_1.0.0.v20220405-0441 [21])
2026-03-15 09:58:12,435 [Worker-79: 新規構成 の起動] INFO  o.eclipse.m2e.core.internal.Bundles - 	Entry: C:\Users\user\Documents\tec\lang\proc\Java\Eclipse\pleiades-2023-03-java-win-64bit-jre_20230326\eclipse\plugins\javax.inject_1.0.0.v20220405-0441.jar
2026-03-15 09:58:12,435 [Worker-79: 新規構成 の起動] INFO  o.eclipse.m2e.core.internal.Bundles - getClasspathEntries(Bundle=javax.annotation_1.3.5.v20221203-1659 [19])
2026-03-15 09:58:12,822 [Worker-79: 新規構成 の起動] INFO  o.eclipse.m2e.core.internal.Bundles - 	Entry: C:\Users\user\Documents\tec\lang\proc\Java\Eclipse\pleiades-2023-03-java-win-64bit-jre_20230326\eclipse\plugins\javax.annotation_1.3.5.v20221203-1659.jar
2026-03-15 09:58:12,823 [Worker-79: 新規構成 の起動] INFO  o.eclipse.m2e.core.internal.Bundles - getClasspathEntries(Bundle=org.apache.commons.cli_1.4.0.v20221112-0806 [41])
2026-03-15 09:58:12,841 [Worker-79: 新規構成 の起動] INFO  o.eclipse.m2e.core.internal.Bundles - 	Entry: C:\Users\user\Documents\tec\lang\proc\Java\Eclipse\pleiades-2023-03-java-win-64bit-jre_20230326\eclipse\plugins\org.apache.commons.cli_1.4.0.v20221112-0806.jar
2026-03-15 09:58:12,842 [Worker-79: 新規構成 の起動] INFO  o.eclipse.m2e.core.internal.Bundles - getClasspathEntries(Bundle=com.google.guava.failureaccess_1.0.1 [11])
2026-03-15 09:58:12,931 [Worker-79: 新規構成 の起動] INFO  o.eclipse.m2e.core.internal.Bundles - 	Entry: C:\Users\user\Documents\tec\lang\proc\Java\Eclipse\pleiades-2023-03-java-win-64bit-jre_20230326\eclipse\plugins\com.google.guava.failureaccess_1.0.1.jar
2026-03-15 09:58:12,935 [Worker-79: 新規構成 の起動] INFO  o.e.m.i.launch.MavenLaunchDelegate - Run build in "C:\work\git\Zengin8InformationTSG\work_20260314_2300_510\my-batch-job":
2026-03-15 09:58:12,954 [Worker-79: 新規構成 の起動] INFO  o.e.m.i.launch.MavenLaunchDelegate -  mvn  -DoutputDirectory=lib -B -Dstyle.color=always clean dependency:copy-dependencies package
2026-03-15 09:58:42,739 [Worker-79: ビルド] INFO  o.e.m.c.i.embedder.EclipseLogger - Using 'UTF-8' encoding to copy filtered resources.
2026-03-15 09:58:42,745 [Worker-79: ビルド] INFO  o.e.m.c.i.embedder.EclipseLogger - Copying 6 resources
2026-03-15 09:58:42,755 [Worker-79: ビルド] INFO  o.e.m.c.i.embedder.EclipseLogger - Using 'UTF-8' encoding to copy filtered resources.
2026-03-15 09:58:42,756 [Worker-79: ビルド] INFO  o.e.m.c.i.embedder.EclipseLogger - Copying 1 resource
